../Core/Src/main.c:82:5:main	16	static
../Core/Src/main.c:151:6:SystemClock_Config	72	static
../Core/Src/main.c:191:13:MX_TIM2_Init	64	static
../Core/Src/main.c:250:13:MX_TIM3_Init	64	static
../Core/Src/main.c:309:13:MX_TIM4_Init	48	static
../Core/Src/main.c:367:13:MX_USART2_UART_Init	8	static
../Core/Src/main.c:400:13:MX_GPIO_Init	40	static
../Core/Src/main.c:427:6:HAL_TIM_IC_CaptureCallback	16	static
../Core/Src/main.c:458:6:HAL_TIM_PeriodElapsedCallback	16	static
../Core/Src/main.c:470:6:Error_Handler	4	static,ignoring_inline_asm
